2026-03-17T09:36:43.173Z [ERROR]: Signup failed: Use is not defined
2026-03-17T09:37:18.155Z [INFO]: User signup successful: 69b920cc15949eaa5c32a405
2026-03-17T09:38:06.038Z [INFO]: User login successful
2026-03-17T09:39:03.399Z [INFO]: User login successful
2026-03-17T09:39:25.244Z [INFO]: User logout successful
2026-03-17T09:39:28.545Z [INFO]: User logout successful
2026-03-17T09:39:34.611Z [INFO]: User login successful
2026-03-17T09:39:39.996Z [INFO]: Profile fetched successfully for user: 69b920cc15949eaa5c32a405
2026-03-17T09:40:02.289Z [INFO]: Profile updated successfully for user: 69b920cc15949eaa5c32a405
2026-03-17T09:41:08.047Z [INFO]: Password changed successfully for user: 69b920cc15949eaa5c32a405
2026-03-17T09:42:27.212Z [INFO]: User signup successful: 69b92203ede050c16878f6c5
2026-03-17T11:00:43.036Z [INFO]: User login successful
2026-03-17T11:01:08.328Z [INFO]: User login successful
2026-03-17T11:01:32.897Z [INFO]: User login successful
2026-03-17T11:04:56.888Z [INFO]: Profile fetched successfully for user: 69b92203ede050c16878f6c5
2026-03-17T11:04:56.991Z [INFO]: Profile fetched successfully for user: 69b92203ede050c16878f6c5
2026-03-17T11:32:56.040Z [INFO]: User logout successful
2026-03-17T11:32:59.815Z [INFO]: User login successful
2026-03-17T11:33:52.386Z [INFO]: Profile fetched successfully for user: 69b92203ede050c16878f6c5
2026-03-17T11:33:52.486Z [INFO]: Profile fetched successfully for user: 69b92203ede050c16878f6c5
2026-03-17T11:33:54.990Z [INFO]: User logout successful
2026-03-17T11:33:58.197Z [INFO]: User login successful
2026-03-17T11:35:57.490Z [INFO]: User logout successful
2026-03-17T11:37:04.725Z [INFO]: User signup successful: 69b93ce06cc3dfeb62d0ad5a
2026-03-17T11:37:15.038Z [INFO]: User login successful
2026-03-17T11:37:20.365Z [INFO]: User logout successful
2026-03-17T11:38:19.783Z [INFO]: User signup successful: 69b93d2b6cc3dfeb62d0ad64
2026-03-17T11:38:23.844Z [INFO]: User login successful
2026-03-17T11:38:31.020Z [INFO]: Profile fetched successfully for user: 69b93ce06cc3dfeb62d0ad5a
2026-03-17T11:38:31.150Z [INFO]: Profile fetched successfully for user: 69b93ce06cc3dfeb62d0ad5a
2026-03-17T11:44:39.790Z [INFO]: Profile fetched successfully for user: 69b93ce06cc3dfeb62d0ad5a
2026-03-17T11:44:39.878Z [INFO]: Profile fetched successfully for user: 69b93ce06cc3dfeb62d0ad5a
2026-03-17T11:51:21.320Z [INFO]: Profile fetched successfully for user: 69b93ce06cc3dfeb62d0ad5a
2026-03-17T11:51:21.382Z [INFO]: Profile fetched successfully for user: 69b93ce06cc3dfeb62d0ad5a
2026-03-17T11:55:31.517Z [INFO]: User logout successful
2026-03-17T11:56:10.745Z [INFO]: User login successful
2026-03-17T11:57:14.563Z [INFO]: Profile fetched successfully for user: 69b93ce06cc3dfeb62d0ad5a
2026-03-17T11:57:14.678Z [INFO]: Profile fetched successfully for user: 69b93ce06cc3dfeb62d0ad5a
2026-03-17T11:57:50.213Z [INFO]: User login successful
2026-03-17T11:58:30.929Z [INFO]: User logout successful
2026-03-17T11:58:34.694Z [INFO]: User login successful
2026-03-17T11:58:42.510Z [INFO]: User logout successful
2026-03-17T11:58:45.584Z [INFO]: User login successful
2026-03-17T12:00:29.364Z [INFO]: Profile fetched successfully for user: 69b93ce06cc3dfeb62d0ad5a
2026-03-17T12:00:29.462Z [INFO]: Profile fetched successfully for user: 69b93ce06cc3dfeb62d0ad5a
2026-03-17T12:00:31.229Z [INFO]: User login successful
2026-03-17T12:00:46.495Z [INFO]: User login successful
2026-03-17T12:01:29.647Z [INFO]: Profile fetched successfully for user: 69b93ce06cc3dfeb62d0ad5a
2026-03-17T12:01:29.752Z [INFO]: Profile fetched successfully for user: 69b93ce06cc3dfeb62d0ad5a
2026-03-17T12:01:32.073Z [INFO]: User login successful
2026-03-17T12:02:53.452Z [INFO]: User logout successful
2026-03-17T12:02:55.110Z [INFO]: User login successful
2026-03-17T12:04:47.635Z [INFO]: User logout successful
2026-03-17T12:04:49.001Z [INFO]: User login successful
2026-03-17T12:06:12.358Z [INFO]: User login successful
2026-03-17T12:09:08.197Z [INFO]: User login successful
2026-03-17T12:11:31.922Z [INFO]: Profile fetched successfully for user: 69b93ce06cc3dfeb62d0ad5a
2026-03-17T12:11:31.998Z [INFO]: Profile fetched successfully for user: 69b93ce06cc3dfeb62d0ad5a
2026-03-17T12:11:39.883Z [INFO]: Profile fetched successfully for user: 69b93ce06cc3dfeb62d0ad5a
2026-03-17T12:11:39.987Z [INFO]: Profile fetched successfully for user: 69b93ce06cc3dfeb62d0ad5a
2026-03-17T12:11:40.727Z [INFO]: Profile fetched successfully for user: 69b93ce06cc3dfeb62d0ad5a
2026-03-17T12:11:40.811Z [INFO]: Profile fetched successfully for user: 69b93ce06cc3dfeb62d0ad5a
2026-03-17T12:11:45.721Z [INFO]: Profile fetched successfully for user: 69b93ce06cc3dfeb62d0ad5a
2026-03-17T12:11:45.822Z [INFO]: Profile fetched successfully for user: 69b93ce06cc3dfeb62d0ad5a
2026-03-17T12:11:47.838Z [INFO]: User login successful
2026-03-17T12:11:59.237Z [INFO]: Profile fetched successfully for user: 69b93ce06cc3dfeb62d0ad5a
2026-03-17T12:11:59.266Z [INFO]: Profile fetched successfully for user: 69b93ce06cc3dfeb62d0ad5a
2026-03-17T12:13:01.609Z [INFO]: Profile fetched successfully for user: 69b93ce06cc3dfeb62d0ad5a
2026-03-17T12:13:01.709Z [INFO]: Profile fetched successfully for user: 69b93ce06cc3dfeb62d0ad5a
2026-03-17T12:14:20.702Z [INFO]: Profile fetched successfully for user: 69b93ce06cc3dfeb62d0ad5a
2026-03-17T12:14:20.762Z [INFO]: Profile fetched successfully for user: 69b93ce06cc3dfeb62d0ad5a
2026-03-17T12:14:43.258Z [INFO]: User login successful
2026-03-17T12:15:20.789Z [INFO]: Profile fetched successfully for user: 69b93ce06cc3dfeb62d0ad5a
2026-03-17T12:15:20.881Z [INFO]: Profile fetched successfully for user: 69b93ce06cc3dfeb62d0ad5a
2026-03-17T12:15:42.418Z [INFO]: Profile fetched successfully for user: 69b93ce06cc3dfeb62d0ad5a
2026-03-17T12:15:42.484Z [INFO]: Profile fetched successfully for user: 69b93ce06cc3dfeb62d0ad5a
2026-03-17T12:18:02.987Z [INFO]: User logout successful
2026-03-17T12:18:04.070Z [INFO]: User login successful
2026-03-17T12:18:07.392Z [INFO]: Profile fetched successfully for user: 69b93ce06cc3dfeb62d0ad5a
2026-03-17T12:18:07.479Z [INFO]: Profile fetched successfully for user: 69b93ce06cc3dfeb62d0ad5a
2026-03-17T12:18:27.674Z [INFO]: Profile fetched successfully for user: 69b93ce06cc3dfeb62d0ad5a
2026-03-17T12:18:27.762Z [INFO]: Profile fetched successfully for user: 69b93ce06cc3dfeb62d0ad5a
2026-03-17T12:18:29.293Z [INFO]: Profile fetched successfully for user: 69b93ce06cc3dfeb62d0ad5a
2026-03-17T12:18:29.395Z [INFO]: Profile fetched successfully for user: 69b93ce06cc3dfeb62d0ad5a
2026-03-17T12:19:42.422Z [INFO]: Profile fetched successfully for user: 69b93ce06cc3dfeb62d0ad5a
2026-03-17T12:19:42.511Z [INFO]: Profile fetched successfully for user: 69b93ce06cc3dfeb62d0ad5a
2026-03-17T12:19:43.637Z [INFO]: Profile fetched successfully for user: 69b93ce06cc3dfeb62d0ad5a
2026-03-17T12:19:43.739Z [INFO]: Profile fetched successfully for user: 69b93ce06cc3dfeb62d0ad5a
2026-03-17T12:21:29.742Z [INFO]: Profile fetched successfully for user: 69b93ce06cc3dfeb62d0ad5a
2026-03-17T12:21:29.827Z [INFO]: Profile fetched successfully for user: 69b93ce06cc3dfeb62d0ad5a
2026-03-17T12:27:43.715Z [INFO]: Profile fetched successfully for user: 69b93ce06cc3dfeb62d0ad5a
2026-03-17T12:27:43.794Z [INFO]: Profile fetched successfully for user: 69b93ce06cc3dfeb62d0ad5a
2026-03-17T12:28:12.748Z [INFO]: Profile fetched successfully for user: 69b93ce06cc3dfeb62d0ad5a
2026-03-17T12:28:12.987Z [INFO]: Profile fetched successfully for user: 69b93ce06cc3dfeb62d0ad5a
2026-03-17T12:34:09.419Z [INFO]: User login successful
2026-03-17T12:35:30.449Z [INFO]: Profile fetched successfully for user: 69b93ce06cc3dfeb62d0ad5a
2026-03-17T12:35:30.543Z [INFO]: Profile fetched successfully for user: 69b93ce06cc3dfeb62d0ad5a
2026-03-17T12:35:51.794Z [INFO]: User logout successful
2026-03-17T12:35:53.149Z [INFO]: User login successful
2026-03-17T12:36:13.760Z [INFO]: Profile fetched successfully for user: 69b93ce06cc3dfeb62d0ad5a
2026-03-17T12:36:13.860Z [INFO]: Profile fetched successfully for user: 69b93ce06cc3dfeb62d0ad5a
2026-03-17T12:38:44.869Z [INFO]: User logout successful
2026-03-17T12:38:48.328Z [INFO]: User login successful
2026-03-17T12:39:00.213Z [INFO]: User logout successful
2026-03-17T12:39:03.422Z [INFO]: User login successful
2026-03-17T12:41:54.843Z [INFO]: Profile fetched successfully for user: 69b93ce06cc3dfeb62d0ad5a
2026-03-17T12:41:54.938Z [INFO]: Profile fetched successfully for user: 69b93ce06cc3dfeb62d0ad5a
2026-03-17T12:41:57.064Z [INFO]: User logout successful
2026-03-17T12:41:58.597Z [INFO]: User login successful
2026-03-17T12:43:09.797Z [INFO]: Profile fetched successfully for user: 69b93ce06cc3dfeb62d0ad5a
2026-03-17T12:43:09.894Z [INFO]: Profile fetched successfully for user: 69b93ce06cc3dfeb62d0ad5a
2026-03-17T12:43:14.164Z [INFO]: User logout successful
2026-03-17T12:43:15.612Z [INFO]: User login successful
2026-03-17T17:37:29.538Z [INFO]: Profile fetched successfully for user: 69b93ce06cc3dfeb62d0ad5a
2026-03-17T17:37:29.919Z [INFO]: Profile fetched successfully for user: 69b93ce06cc3dfeb62d0ad5a
2026-03-17T17:37:29.948Z [INFO]: Profile fetched successfully for user: 69b93ce06cc3dfeb62d0ad5a
2026-03-17T17:37:45.050Z [INFO]: Profile fetched successfully for user: 69b93ce06cc3dfeb62d0ad5a
2026-03-17T18:18:40.402Z [INFO]: User login successful
2026-03-17T18:21:49.108Z [INFO]: User logout successful
2026-03-17T18:21:50.903Z [INFO]: User login successful
2026-03-17T18:23:17.489Z [INFO]: Profile fetched successfully for user: 69b93ce06cc3dfeb62d0ad5a
2026-03-17T18:23:17.603Z [INFO]: Profile fetched successfully for user: 69b93ce06cc3dfeb62d0ad5a
2026-03-17T18:23:51.928Z [INFO]: Profile fetched successfully for user: 69b93ce06cc3dfeb62d0ad5a
2026-03-17T18:23:52.014Z [INFO]: Profile fetched successfully for user: 69b93ce06cc3dfeb62d0ad5a
2026-03-17T18:24:13.212Z [INFO]: Profile fetched successfully for user: 69b93ce06cc3dfeb62d0ad5a
2026-03-17T18:24:13.242Z [INFO]: Profile fetched successfully for user: 69b93ce06cc3dfeb62d0ad5a
2026-03-17T18:26:17.754Z [INFO]: Profile fetched successfully for user: 69b93ce06cc3dfeb62d0ad5a
2026-03-17T18:26:17.958Z [INFO]: Profile fetched successfully for user: 69b93ce06cc3dfeb62d0ad5a
2026-03-17T18:26:39.032Z [INFO]: Profile fetched successfully for user: 69b93ce06cc3dfeb62d0ad5a
2026-03-17T18:26:39.065Z [INFO]: Profile fetched successfully for user: 69b93ce06cc3dfeb62d0ad5a
2026-03-17T18:26:56.846Z [INFO]: Profile fetched successfully for user: 69b93ce06cc3dfeb62d0ad5a
2026-03-17T18:26:56.948Z [INFO]: Profile fetched successfully for user: 69b93ce06cc3dfeb62d0ad5a
2026-03-17T18:31:11.470Z [INFO]: Profile updated successfully for user: 69b93ce06cc3dfeb62d0ad5a
2026-03-17T18:31:19.470Z [INFO]: Profile fetched successfully for user: 69b93ce06cc3dfeb62d0ad5a
2026-03-17T18:31:19.608Z [INFO]: Profile fetched successfully for user: 69b93ce06cc3dfeb62d0ad5a
2026-03-17T18:31:29.524Z [INFO]: User logout successful
2026-03-17T18:31:30.959Z [INFO]: User login successful
2026-03-17T18:31:45.424Z [INFO]: Profile updated successfully for user: 69b93ce06cc3dfeb62d0ad5a
2026-03-17T18:32:21.294Z [INFO]: Profile fetched successfully for user: 69b93ce06cc3dfeb62d0ad5a
2026-03-17T18:32:21.324Z [INFO]: Profile fetched successfully for user: 69b93ce06cc3dfeb62d0ad5a
2026-03-17T18:32:25.251Z [INFO]: User logout successful
2026-03-17T18:44:26.236Z [INFO]: User login successful
2026-03-17T18:45:17.009Z [INFO]: User logout successful
2026-03-17T19:28:32.493Z [INFO]: User login successful
2026-03-17T19:40:53.342Z [INFO]: Profile fetched successfully for user: 69b93ce06cc3dfeb62d0ad5a
2026-03-17T19:40:53.522Z [INFO]: Profile fetched successfully for user: 69b93ce06cc3dfeb62d0ad5a
2026-03-17T19:40:54.598Z [INFO]: User login successful
2026-03-18T06:45:36.282Z [INFO]: User login successful
2026-03-18T06:45:40.894Z [INFO]: User logout successful
2026-03-18T06:45:56.456Z [INFO]: User login successful
2026-03-18T06:46:04.224Z [INFO]: User login successful
2026-03-18T06:46:57.378Z [INFO]: User login successful
2026-03-18T06:47:41.910Z [INFO]: User login successful
2026-03-18T06:50:21.020Z [INFO]: User login successful
2026-03-18T06:51:45.401Z [INFO]: User signup successful: 69ba4b81f264fb1cd1c2d9af
2026-03-18T06:51:56.457Z [INFO]: User login successful
2026-03-18T06:52:13.720Z [INFO]: User logout successful
2026-03-18T06:52:41.665Z [INFO]: User login successful
2026-03-18T06:53:05.685Z [INFO]: Profile fetched successfully for user: 69ba4b81f264fb1cd1c2d9af
2026-03-18T06:53:05.721Z [INFO]: Profile fetched successfully for user: 69ba4b81f264fb1cd1c2d9af
2026-03-18T06:53:12.375Z [INFO]: Profile fetched successfully for user: 69ba4b81f264fb1cd1c2d9af
2026-03-18T06:53:12.406Z [INFO]: Profile fetched successfully for user: 69ba4b81f264fb1cd1c2d9af
2026-03-18T06:55:55.707Z [INFO]: Profile fetched successfully for user: 69ba4b81f264fb1cd1c2d9af
2026-03-18T06:55:55.832Z [INFO]: Profile fetched successfully for user: 69ba4b81f264fb1cd1c2d9af
2026-03-18T06:56:30.015Z [INFO]: Profile fetched successfully for user: 69ba4b81f264fb1cd1c2d9af
2026-03-18T06:56:30.125Z [INFO]: Profile fetched successfully for user: 69ba4b81f264fb1cd1c2d9af
2026-03-18T07:34:54.912Z [INFO]: User login successful
2026-03-18T07:34:58.121Z [INFO]: Profile fetched successfully for user: 69b93ce06cc3dfeb62d0ad5a
2026-03-18T07:34:58.215Z [INFO]: Profile fetched successfully for user: 69b93ce06cc3dfeb62d0ad5a
2026-03-18T07:35:04.353Z [INFO]: Profile fetched successfully for user: 69b93ce06cc3dfeb62d0ad5a
2026-03-18T07:35:04.471Z [INFO]: Profile fetched successfully for user: 69b93ce06cc3dfeb62d0ad5a
2026-03-18T07:37:31.917Z [INFO]: Profile fetched successfully for user: 69b93ce06cc3dfeb62d0ad5a
2026-03-18T07:37:31.963Z [INFO]: Profile fetched successfully for user: 69b93ce06cc3dfeb62d0ad5a
2026-03-18T07:37:43.398Z [INFO]: User logout successful
2026-03-18T07:37:46.687Z [INFO]: User login successful
2026-03-18T07:38:02.582Z [INFO]: User login successful
2026-03-18T07:38:41.591Z [INFO]: User logout successful
2026-03-18T07:38:48.486Z [INFO]: User login successful
2026-03-18T07:39:03.384Z [INFO]: Profile fetched successfully for user: 69b93ce06cc3dfeb62d0ad5a
2026-03-18T07:39:03.426Z [INFO]: Profile fetched successfully for user: 69b93ce06cc3dfeb62d0ad5a
2026-03-18T07:42:23.484Z [INFO]: Profile fetched successfully for user: 69b93ce06cc3dfeb62d0ad5a
2026-03-18T07:42:23.554Z [INFO]: Profile fetched successfully for user: 69b93ce06cc3dfeb62d0ad5a
2026-03-18T07:43:56.553Z [INFO]: Profile fetched successfully for user: 69b93ce06cc3dfeb62d0ad5a
2026-03-18T07:43:56.657Z [INFO]: Profile fetched successfully for user: 69b93ce06cc3dfeb62d0ad5a
2026-03-18T09:27:21.691Z [INFO]: User login successful
2026-03-18T09:45:27.030Z [INFO]: User logout successful
2026-03-18T09:45:28.296Z [INFO]: User login successful
2026-03-18T09:47:20.135Z [INFO]: Profile fetched successfully for user: 69b93ce06cc3dfeb62d0ad5a
2026-03-18T09:47:20.385Z [INFO]: Profile fetched successfully for user: 69b93ce06cc3dfeb62d0ad5a
2026-03-18T09:55:58.159Z [INFO]: User login successful
2026-03-18T10:04:35.387Z [INFO]: User logout successful
2026-03-18T10:04:36.988Z [INFO]: User login successful
2026-03-18T10:14:39.099Z [INFO]: User login successful
2026-03-18T10:16:16.312Z [INFO]: Profile fetched successfully for user: 69b93ce06cc3dfeb62d0ad5a
2026-03-18T10:16:16.416Z [INFO]: Profile fetched successfully for user: 69b93ce06cc3dfeb62d0ad5a
2026-03-18T10:16:17.718Z [INFO]: Profile fetched successfully for user: 69b93ce06cc3dfeb62d0ad5a
2026-03-18T10:16:17.848Z [INFO]: Profile fetched successfully for user: 69b93ce06cc3dfeb62d0ad5a
2026-03-18T10:16:18.536Z [INFO]: Profile fetched successfully for user: 69b93ce06cc3dfeb62d0ad5a
2026-03-18T10:16:18.668Z [INFO]: Profile fetched successfully for user: 69b93ce06cc3dfeb62d0ad5a
2026-03-18T10:16:18.908Z [INFO]: Profile fetched successfully for user: 69b93ce06cc3dfeb62d0ad5a
2026-03-18T10:16:19.054Z [INFO]: Profile fetched successfully for user: 69b93ce06cc3dfeb62d0ad5a
2026-03-18T10:16:19.325Z [INFO]: Profile fetched successfully for user: 69b93ce06cc3dfeb62d0ad5a
2026-03-18T10:16:19.487Z [INFO]: Profile fetched successfully for user: 69b93ce06cc3dfeb62d0ad5a
2026-03-18T10:16:22.821Z [INFO]: User logout successful
2026-03-18T10:16:34.567Z [INFO]: User login successful
2026-03-18T10:16:45.011Z [INFO]: User logout successful
2026-03-18T10:22:08.404Z [INFO]: User login successful
2026-03-18T10:23:12.570Z [INFO]: Profile fetched successfully for user: 69ba4b81f264fb1cd1c2d9af
2026-03-18T10:23:12.962Z [INFO]: Profile fetched successfully for user: 69ba4b81f264fb1cd1c2d9af
2026-03-18T10:31:43.224Z [INFO]: Profile fetched successfully for user: 69ba4b81f264fb1cd1c2d9af
2026-03-18T10:31:43.267Z [INFO]: Profile fetched successfully for user: 69ba4b81f264fb1cd1c2d9af
2026-03-18T11:00:03.266Z [INFO]: User login successful
2026-03-18T11:02:04.256Z [INFO]: Profile fetched successfully for user: 69ba4b81f264fb1cd1c2d9af
2026-03-18T11:02:04.338Z [INFO]: Profile fetched successfully for user: 69ba4b81f264fb1cd1c2d9af
2026-03-18T11:02:04.665Z [INFO]: Profile fetched successfully for user: 69ba4b81f264fb1cd1c2d9af
2026-03-18T11:02:04.747Z [INFO]: Profile fetched successfully for user: 69ba4b81f264fb1cd1c2d9af
2026-03-18T11:02:06.304Z [INFO]: Profile fetched successfully for user: 69ba4b81f264fb1cd1c2d9af
2026-03-18T11:02:06.386Z [INFO]: Profile fetched successfully for user: 69ba4b81f264fb1cd1c2d9af
2026-03-18T11:03:14.091Z [INFO]: Profile fetched successfully for user: 69ba4b81f264fb1cd1c2d9af
2026-03-18T11:03:14.171Z [INFO]: Profile fetched successfully for user: 69ba4b81f264fb1cd1c2d9af
2026-03-18T11:04:09.899Z [INFO]: Profile fetched successfully for user: 69ba4b81f264fb1cd1c2d9af
2026-03-18T11:04:09.999Z [INFO]: Profile fetched successfully for user: 69ba4b81f264fb1cd1c2d9af
2026-03-18T11:06:29.751Z [INFO]: Profile fetched successfully for user: 69ba4b81f264fb1cd1c2d9af
2026-03-18T11:06:29.855Z [INFO]: Profile fetched successfully for user: 69ba4b81f264fb1cd1c2d9af
2026-03-18T11:26:20.662Z [INFO]: User login successful
2026-03-18T11:28:49.393Z [INFO]: Profile fetched successfully for user: 69ba4b81f264fb1cd1c2d9af
2026-03-18T11:28:49.480Z [INFO]: Profile fetched successfully for user: 69ba4b81f264fb1cd1c2d9af
2026-03-18T12:19:00.090Z [INFO]: User login successful
2026-03-18T12:19:21.449Z [INFO]: Profile fetched successfully for user: 69ba4b81f264fb1cd1c2d9af
2026-03-18T12:19:21.530Z [INFO]: Profile fetched successfully for user: 69ba4b81f264fb1cd1c2d9af
2026-03-18T12:20:03.666Z [INFO]: User login successful
2026-03-18T12:20:14.631Z [INFO]: Profile fetched successfully for user: 69b93ce06cc3dfeb62d0ad5a
2026-03-18T12:20:14.692Z [INFO]: Profile fetched successfully for user: 69b93ce06cc3dfeb62d0ad5a
2026-03-18T12:43:17.773Z [INFO]: User login successful
2026-03-18T12:43:21.165Z [INFO]: User login successful
2026-03-18T12:48:45.389Z [INFO]: User logout successful
2026-03-18T12:48:48.611Z [INFO]: User login successful
2026-03-18T13:32:44.742Z [INFO]: Profile fetched successfully for user: 69ba4b81f264fb1cd1c2d9af
2026-03-18T13:32:44.745Z [INFO]: Profile fetched successfully for user: 69ba4b81f264fb1cd1c2d9af
2026-03-19T07:03:41.121Z [INFO]: User login successful
2026-03-19T07:09:03.653Z [INFO]: User logout successful
2026-03-19T07:09:15.194Z [INFO]: User login successful
2026-03-19T07:14:26.051Z [INFO]: Profile fetched successfully for user: 69ba4b81f264fb1cd1c2d9af
2026-03-19T07:14:26.252Z [INFO]: Profile fetched successfully for user: 69ba4b81f264fb1cd1c2d9af
2026-03-19T07:17:32.591Z [INFO]: Profile fetched successfully for user: 69ba4b81f264fb1cd1c2d9af
2026-03-19T07:17:32.963Z [INFO]: Profile fetched successfully for user: 69ba4b81f264fb1cd1c2d9af
2026-03-19T07:24:27.672Z [INFO]: User login successful
2026-03-19T07:26:42.875Z [INFO]: Profile fetched successfully for user: 69ba4b81f264fb1cd1c2d9af
2026-03-19T07:26:42.956Z [INFO]: Profile fetched successfully for user: 69ba4b81f264fb1cd1c2d9af
2026-03-19T07:27:17.554Z [INFO]: User login successful
2026-03-19T07:27:28.473Z [INFO]: Profile fetched successfully for user: 69ba4b81f264fb1cd1c2d9af
2026-03-19T07:27:28.649Z [INFO]: Profile fetched successfully for user: 69ba4b81f264fb1cd1c2d9af
2026-03-19T07:27:49.728Z [INFO]: Profile fetched successfully for user: 69b93ce06cc3dfeb62d0ad5a
2026-03-19T07:27:49.963Z [INFO]: Profile fetched successfully for user: 69b93ce06cc3dfeb62d0ad5a
2026-03-19T07:27:50.956Z [INFO]: Profile fetched successfully for user: 69b93ce06cc3dfeb62d0ad5a
2026-03-19T07:27:51.088Z [INFO]: Profile fetched successfully for user: 69b93ce06cc3dfeb62d0ad5a
2026-03-19T07:29:57.836Z [INFO]: Profile fetched successfully for user: 69ba4b81f264fb1cd1c2d9af
2026-03-19T07:29:57.892Z [INFO]: Profile fetched successfully for user: 69ba4b81f264fb1cd1c2d9af
2026-03-19T07:36:02.801Z [INFO]: Profile fetched successfully for user: 69ba4b81f264fb1cd1c2d9af
2026-03-19T07:36:03.092Z [INFO]: Profile fetched successfully for user: 69ba4b81f264fb1cd1c2d9af
2026-03-19T07:36:05.141Z [INFO]: Profile fetched successfully for user: 69b93ce06cc3dfeb62d0ad5a
2026-03-19T07:36:05.618Z [INFO]: Profile fetched successfully for user: 69b93ce06cc3dfeb62d0ad5a
2026-03-19T07:37:42.785Z [INFO]: Profile fetched successfully for user: 69ba4b81f264fb1cd1c2d9af
2026-03-19T07:37:42.923Z [INFO]: Profile fetched successfully for user: 69ba4b81f264fb1cd1c2d9af
2026-03-19T07:37:47.075Z [INFO]: Profile fetched successfully for user: 69b93ce06cc3dfeb62d0ad5a
2026-03-19T07:37:47.248Z [INFO]: Profile fetched successfully for user: 69b93ce06cc3dfeb62d0ad5a
2026-03-19T07:51:40.023Z [INFO]: User login successful
2026-03-19T07:51:55.165Z [INFO]: User login successful
2026-03-19T07:52:16.968Z [INFO]: Profile fetched successfully for user: 69ba4b81f264fb1cd1c2d9af
2026-03-19T07:52:17.064Z [INFO]: Profile fetched successfully for user: 69ba4b81f264fb1cd1c2d9af
2026-03-19T07:52:19.113Z [INFO]: Profile fetched successfully for user: 69b93ce06cc3dfeb62d0ad5a
2026-03-19T07:52:19.215Z [INFO]: Profile fetched successfully for user: 69b93ce06cc3dfeb62d0ad5a
2026-03-19T07:52:54.237Z [INFO]: Profile fetched successfully for user: 69ba4b81f264fb1cd1c2d9af
2026-03-19T07:52:54.442Z [INFO]: Profile fetched successfully for user: 69ba4b81f264fb1cd1c2d9af
2026-03-19T07:52:56.077Z [INFO]: Profile fetched successfully for user: 69b93ce06cc3dfeb62d0ad5a
2026-03-19T07:52:56.256Z [INFO]: Profile fetched successfully for user: 69b93ce06cc3dfeb62d0ad5a
2026-03-19T07:53:43.157Z [INFO]: Profile fetched successfully for user: 69ba4b81f264fb1cd1c2d9af
2026-03-19T07:53:43.193Z [INFO]: Profile fetched successfully for user: 69ba4b81f264fb1cd1c2d9af
2026-03-19T07:53:44.844Z [INFO]: Profile fetched successfully for user: 69b93ce06cc3dfeb62d0ad5a
2026-03-19T07:53:45.029Z [INFO]: Profile fetched successfully for user: 69b93ce06cc3dfeb62d0ad5a
2026-03-19T07:55:47.091Z [INFO]: Profile fetched successfully for user: 69ba4b81f264fb1cd1c2d9af
2026-03-19T07:55:47.254Z [INFO]: Profile fetched successfully for user: 69ba4b81f264fb1cd1c2d9af
2026-03-19T07:56:39.456Z [INFO]: Profile fetched successfully for user: 69b93ce06cc3dfeb62d0ad5a
2026-03-19T07:56:39.691Z [INFO]: Profile fetched successfully for user: 69b93ce06cc3dfeb62d0ad5a
2026-03-19T07:56:41.535Z [INFO]: Profile fetched successfully for user: 69ba4b81f264fb1cd1c2d9af
2026-03-19T07:56:41.739Z [INFO]: Profile fetched successfully for user: 69ba4b81f264fb1cd1c2d9af
